// Jest Snapshot v1, https://goo.gl/fbAQLP

exports[`userLogin should render correctly in "debug" mode 1`] = `"Loading..."`;
