// Jest Snapshot v1, https://goo.gl/fbAQLP

exports[`userLogin should render correctly in "debug" mode 1`] = `
<StaffBooking
  classes={
    Object {
      "listStyle": "StaffBooking-listStyle-2",
      "root": "StaffBooking-root-1",
    }
  }
  debug={true}
/>
`;
