// Jest Snapshot v1, https://goo.gl/fbAQLP

exports[`userLogin should render correctly in "debug" mode 1`] = `
<StaffUserList
  classes={
    Object {
      "listStyle": "StaffUserList-listStyle-2",
      "root": "StaffUserList-root-1",
    }
  }
  debug={true}
/>
`;
