// Jest Snapshot v1, https://goo.gl/fbAQLP

exports[`userLogin should render correctly in "debug" mode 1`] = `
<StaffLanding
  classes={
    Object {
      "buttonStyle": "StaffLanding-buttonStyle-1",
      "gridStyle": "StaffLanding-gridStyle-2",
    }
  }
  debug={true}
/>
`;
